[WARNING STA-0502] report_checks -endpoint_count is deprecated. Use -endpoint_path_count instead.
[WARNING STA-0503] report_checks -group_count is deprecated. Use -group_path_count instead.
max_delay/setup group core_clock

                                     Required  Actual
Endpoint                               Delay   Delay   Slack
------------------------------------------------------------
_277_/D (sky130_fd_sc_hd__edfxtp_1)     1.10    3.33   -2.23 (VIOLATED)
_278_/D (sky130_fd_sc_hd__edfxtp_1)     1.10    3.33   -2.23 (VIOLATED)
_279_/D (sky130_fd_sc_hd__edfxtp_1)     1.10    3.33   -2.22 (VIOLATED)
_270_/D (sky130_fd_sc_hd__edfxtp_1)     1.10    3.33   -2.22 (VIOLATED)
_272_/D (sky130_fd_sc_hd__edfxtp_1)     1.10    3.33   -2.22 (VIOLATED)
_273_/D (sky130_fd_sc_hd__edfxtp_1)     1.10    3.33   -2.22 (VIOLATED)
_274_/D (sky130_fd_sc_hd__edfxtp_1)     1.10    3.33   -2.22 (VIOLATED)
_268_/D (sky130_fd_sc_hd__edfxtp_1)     1.10    3.33   -2.22 (VIOLATED)
_267_/D (sky130_fd_sc_hd__edfxtp_1)     1.10    3.33   -2.22 (VIOLATED)
_271_/D (sky130_fd_sc_hd__edfxtp_1)     1.10    3.33   -2.22 (VIOLATED)
_276_/D (sky130_fd_sc_hd__edfxtp_1)     1.10    3.33   -2.22 (VIOLATED)
_275_/D (sky130_fd_sc_hd__edfxtp_1)     1.10    3.33   -2.22 (VIOLATED)

max_delay/setup group vclk_core_clock

                                     Required  Actual
Endpoint                               Delay   Delay   Slack
------------------------------------------------------------
resp_msg[15] (output)                   1.17    2.90   -1.73 (VIOLATED)
resp_msg[14] (output)                   1.17    2.85   -1.68 (VIOLATED)
resp_msg[13] (output)                   1.17    2.74   -1.57 (VIOLATED)
resp_msg[12] (output)                   1.17    2.67   -1.50 (VIOLATED)
resp_msg[11] (output)                   1.17    2.40   -1.23 (VIOLATED)
resp_msg[10] (output)                   1.17    2.26   -1.09 (VIOLATED)
resp_msg[8] (output)                    1.17    2.18   -1.01 (VIOLATED)
resp_msg[9] (output)                    1.17    2.18   -1.01 (VIOLATED)
resp_msg[7] (output)                    1.17    1.93   -0.76 (VIOLATED)
resp_msg[6] (output)                    1.17    1.86   -0.69 (VIOLATED)
resp_msg[5] (output)                    1.17    1.77   -0.60 (VIOLATED)
resp_msg[4] (output)                    1.17    1.67   -0.50 (VIOLATED)

