=== ZEROS 12:14:25 ===
C_pulldown_cell = 2.4848 fF   C_pullup_cell = 5.7465 fF  (MEASURED fit)
  bank 1  M=48  (24 down, 24 up)  C_bank = 197.5494 fF
  bank 2  M=19  (9 down, 10 up)  C_bank =  79.8275 fF
  bank 3  M=3   (2 down, 1 up)  C_bank =  10.7160 fF
  bank 4  M=1   (0 down, 1 up)  C_bank =   5.7465 fF
  bank 5  M=2   (2 down, 0 up)  C_bank =   4.9695 fF
notank   tanks [0.0, 0.0, 0.0, 0.0, 0.0] fF
uni_m6   tanks [358.57, 358.57, 358.57, 358.57, 358.57] fF
mat_m2   tanks [395.1, 159.65, 21.43, 11.49, 9.94] fF
uni_m2   tanks [119.52, 119.52, 119.52, 119.52, 119.52] fF
mat_m6   tanks [1185.3, 478.96, 64.3, 34.48, 29.82] fF
  notank hop 1 t_zcs 158.4679 ps (peak 0.002315 A)  ran znotank_h1.cir in 127.8s
  notank hop 2 t_zcs 118.3986 ps (peak 0.001461 A)  ran znotank_h2.cir in 165.7s
  notank hop 3 t_zcs 110.3083 ps (peak 0.0009726 A)  ran znotank_h3.cir in 263.0s
  notank hop 4 t_zcs 93.5343 ps (peak 0.0005579 A)  ran znotank_h4.cir in 247.1s
notank   tz = [158.46790611408375, 118.39858372239803, 110.30829143757524, 93.53433991420593]  spread 1.6942
  uni_m6 hop 1 t_zcs 255.0059 ps (peak 0.003081 A)  ran zuni_m6_h1.cir in 127.6s
  uni_m6 hop 2 t_zcs 208.4746 ps (peak 0.002038 A)  ran zuni_m6_h2.cir in 161.5s
  uni_m6 hop 3 t_zcs 201.6031 ps (peak 0.001421 A)  ran zuni_m6_h3.cir in 260.4s
  uni_m6 hop 4 t_zcs 192.7058 ps (peak 0.0009653 A)  ran zuni_m6_h4.cir in 253.7s
uni_m6   tz = [255.00588151309472, 208.47463704870108, 201.60313795728553, 192.70581856386093]  spread 1.3233
  mat_m2 hop 1 t_zcs 220.8902 ps (peak 0.002823 A)  ran zmat_m2_h1.cir in 127.1s
  mat_m2 hop 2 t_zcs 141.2131 ps (peak 0.0017 A)  ran zmat_m2_h2.cir in 163.8s
  mat_m2 hop 3 t_zcs 116.7470 ps (peak 0.001252 A)  ran zmat_m2_h3.cir in 267.1s
  mat_m2 hop 4 t_zcs 98.1592 ps (peak 0.0007261 A)  ran zmat_m2_h4.cir in 244.2s
mat_m2   tz = [220.8902299358612, 141.2130666919386, 116.74699329101009, 98.15923990672081]  spread 2.2503
  uni_m2 hop 1 t_zcs 191.2639 ps (peak 0.002662 A)  ran zuni_m2_h1.cir in 125.9s
  uni_m2 hop 2 t_zcs 153.0938 ps (peak 0.001765 A)  ran zuni_m2_h2.cir in 162.1s
  uni_m2 hop 3 t_zcs 146.3558 ps (peak 0.001248 A)  ran zuni_m2_h3.cir in 270.5s
  uni_m2 hop 4 t_zcs 134.6764 ps (peak 0.000834 A)  ran zuni_m2_h4.cir in 251.4s
uni_m2   tz = [191.26394780579494, 153.0937758976188, 146.35583943932306, 134.6764419655958]  spread 1.4202
  mat_m6 hop 1: NO CURRENT ZERO (peak 0.00333887222 A) -- ran zmat_m6_h1.cir in 163.6s
mat_m6   tz = None  spread N/A
=== ROWS 12:30:32 ===
C_pulldown_cell = 2.4848 fF   C_pullup_cell = 5.7465 fF  (MEASURED fit)
  bank 1  M=48  (24 down, 24 up)  C_bank = 197.5494 fF
  bank 2  M=19  (9 down, 10 up)  C_bank =  79.8275 fF
  bank 3  M=3   (2 down, 1 up)  C_bank =  10.7160 fF
  bank 4  M=1   (0 down, 1 up)  C_bank =   5.7465 fF
  bank 5  M=2   (2 down, 0 up)  C_bank =   4.9695 fF
notank   tanks [0.0, 0.0, 0.0, 0.0, 0.0] fF
uni_m6   tanks [358.57, 358.57, 358.57, 358.57, 358.57] fF
mat_m2   tanks [395.1, 159.65, 21.43, 11.49, 9.94] fF
uni_m2   tanks [119.52, 119.52, 119.52, 119.52, 119.52] fF
mat_m6   tanks [1185.3, 478.96, 64.3, 34.48, 29.82] fF
notank   bank  free   rails [1.2788, 0.9593, 0.6669, 0.4414, 0.3997]  worst% [99.4, 100.0, 88.4, 29.1, 66.2]  guardfail [0, 0, 2, 0, 2]  vfail [0, 0, 0, 1, 0] (rule [0, 0, 0, 1, 1])  IZ [-0.0, -0.01, -0.01, -0.0]
notank   bank  clamp  rails [1.2788, 0.9593, 1.0102, 1.0138, 0.8986]  worst% [99.4, 100.0, 57.5, 81.8, 100.2]  guardfail [0, 0, 2, 0, 0]  vfail [0, 0, 0, 0, 0] (rule [0, 0, 0, 0, 1])  IZ [-0.0, -0.01, 88.66, 168.62]
uniform  bank  free   rails [1.2443, 0.7633, 0.5101, 0.3491, 0.2615]  worst% [99.5, 96.4, 51.4, 19.7, 66.9]  guardfail [0, 0, 2, 1, 2]  vfail [0, 0, 0, 1, 0] (rule [0, 0, 0, 1, 1])  IZ [-0.0, -0.01, -0.02, -0.05]
uniform  bank  clamp  rails [1.2443, 0.7633, 0.6726, 0.6374, 0.4612]  worst% [99.5, 96.4, 78.3, 35.8, 64.1]  guardfail [0, 0, 2, 0, 2]  vfail [0, 0, 0, 1, 0] (rule [0, 0, 0, 1, 1])  IZ [-0.0, -0.01, 37.5, 41.87]
uniform  tank  free   rails [1.2443, 0.7633, 0.5099, 0.3487, 0.2611]  worst% [99.5, 96.4, 51.3, 19.7, 66.9]  guardfail [0, 0, 2, 1, 2]  vfail [0, 0, 0, 1, 0] (rule [0, 0, 0, 1, 1])  IZ [-0.0, 0.4, 0.45, 0.12]
uniform  tank  clamp  rails [1.2443, 0.7633, 0.6741, 0.6397, 0.4625]  worst% [99.5, 96.4, 78.3, 35.9, 64.0]  guardfail [0, 0, 2, 0, 2]  vfail [0, 0, 0, 1, 0] (rule [0, 0, 0, 1, 1])  IZ [-0.0, 0.4, 38.54, 42.76]
matched  bank  free   rails [1.2424, 0.9009, 0.8018, 0.5461, 0.4906]  worst% [99.6, 99.8, 92.0, 57.1, 63.1]  guardfail [0, 0, 2, 0, 2]  vfail [0, 0, 0, 0, 0] (rule [0, 0, 0, 0, 1])  IZ [-0.0, -0.0, -0.0, -0.02]
matched  bank  clamp  rails [1.2424, 0.9009, 1.0396, 0.999, 0.8668]  worst% [99.6, 99.8, 69.5, 91.4, 100.4]  guardfail [0, 0, 2, 0, 0]  vfail [0, 0, 0, 0, 0] (rule [0, 0, 0, 0, 1])  IZ [-0.0, -0.0, 88.92, 166.09]
matched  tank  free   rails [1.2424, 0.9009, 0.8016, 0.5457, 0.4901]  worst% [99.6, 99.8, 92.0, 57.0, 63.1]  guardfail [0, 0, 2, 0, 2]  vfail [0, 0, 0, 0, 0] (rule [0, 0, 0, 0, 1])  IZ [-0.0, 0.1, 0.09, 0.06]
matched  tank  clamp  rails [1.2424, 0.9009, 1.039, 0.9979, 0.8658]  worst% [99.6, 99.8, 69.6, 91.4, 100.4]  guardfail [0, 0, 2, 0, 0]  vfail [0, 0, 0, 0, 0] (rule [0, 0, 0, 0, 1])  IZ [-0.0, 0.1, 88.73, 165.5]
uniform  bank  free   rails [1.2627, 0.8631, 0.6015, 0.4206, 0.3451]  worst% [99.4, 99.8, 87.4, 23.1, 66.8]  guardfail [0, 0, 2, 1, 2]  vfail [0, 0, 0, 1, 0] (rule [0, 0, 0, 1, 1])  IZ [-0.0, -0.01, -0.09, -0.06]
uniform  bank  clamp  rails [1.2627, 0.8631, 0.8386, 0.8171, 0.6398]  worst% [99.4, 99.8, 82.6, 81.4, 82.0]  guardfail [0, 0, 2, 0, 2]  vfail [0, 0, 0, 0, 0] (rule [0, 0, 0, 0, 1])  IZ [-0.0, -0.01, 60.13, 77.24]
uniform  tank  free   rails [1.2627, 0.8631, 0.6012, 0.42, 0.3445]  worst% [99.4, 99.8, 87.4, 23.0, 66.8]  guardfail [0, 0, 2, 1, 2]  vfail [0, 0, 0, 1, 0] (rule [0, 0, 0, 1, 1])  IZ [-0.0, 0.16, 0.17, 0.08]
uniform  tank  clamp  rails [1.2627, 0.8631, 0.8388, 0.8174, 0.6398]  worst% [99.4, 99.8, 82.6, 81.4, 82.0]  guardfail [0, 0, 2, 0, 2]  vfail [0, 0, 0, 0, 0] (rule [0, 0, 0, 0, 1])  IZ [-0.0, 0.16, 60.47, 77.53]
uniform_res bank  free   rails [1.2443, 0.7633, 0.5101, 0.3491, 0.2615]  worst% [99.5, 96.4, 51.4, 19.7, 66.9]  guardfail [0, 0, 2, 1, 2]  vfail [0, 0, 0, 1, 0] (rule [0, 0, 0, 1, 1])  IZ [-0.0, -0.01, -0.02, -0.05]
uniform_res bank  clamp  rails [1.2443, 0.7633, 0.6613, 0.6066, 0.441]  worst% [99.5, 96.4, 76.4, 32.4, 64.7]  guardfail [0, 0, 2, 0, 2]  vfail [0, 0, 0, 1, 0] (rule [0, 0, 0, 1, 1])  IZ [-0.0, -0.01, 33.56, 33.98]
uniform_res tank  free   rails [1.2443, 0.7633, 0.5099, 0.3487, 0.2611]  worst% [99.5, 96.4, 51.3, 19.7, 66.9]  guardfail [0, 0, 2, 1, 2]  vfail [0, 0, 0, 1, 0] (rule [0, 0, 0, 1, 1])  IZ [-0.0, 0.4, 0.45, 0.12]
uniform_res tank  clamp  rails [1.2443, 0.7633, 0.6625, 0.6083, 0.442]  worst% [99.5, 96.4, 76.4, 32.5, 64.7]  guardfail [0, 0, 2, 0, 2]  vfail [0, 0, 0, 1, 0] (rule [0, 0, 0, 1, 1])  IZ [-0.0, 0.4, 34.52, 34.65]
wrote ROWS_SKEPT.json
=== COUPLING 12:46:59 ===
bank    matched  m=2   bank3  step@logic   52.043 mV  lift@end  +42.729 mV  selflift  +252.570 mV  slope inj   179.0 / rail   179.0 / logic   37.60 V/ns
bank    matched  m=2   bank4  step@logic  249.015 mV  lift@end +249.037 mV  selflift      +nan mV  slope inj   145.0 / rail   145.0 / logic   29.80 V/ns
bank    notank   m=0   bank3  step@logic   79.035 mV  lift@end  +78.042 mV  selflift  +352.391 mV  slope inj   176.0 / rail   176.0 / logic   38.40 V/ns
bank    notank   m=0   bank4  step@logic  319.912 mV  lift@end +319.915 mV  selflift      +nan mV  slope inj   146.7 / rail   146.7 / logic   29.10 V/ns
bank    uniform  m=2   bank3  step@logic   49.623 mV  lift@end  +48.673 mV  selflift   +70.342 mV  slope inj   152.0 / rail   152.0 / logic   32.50 V/ns
bank    uniform  m=2   bank4  step@logic  102.654 mV  lift@end +102.670 mV  selflift      +nan mV  slope inj   124.8 / rail   124.8 / logic   25.51 V/ns
bank    uniform  m=6   bank3  step@logic   31.574 mV  lift@end  +28.921 mV  selflift   +44.453 mV  slope inj   136.0 / rail   136.0 / logic   27.80 V/ns
bank    uniform  m=6   bank4  step@logic   57.012 mV  lift@end  +57.014 mV  selflift      +nan mV  slope inj   111.3 / rail   111.3 / logic   20.79 V/ns
bank    uniform_res m=6   bank3  step@logic   29.106 mV  lift@end  +26.602 mV  selflift   +41.377 mV  slope inj   132.0 / rail   132.0 / logic   27.00 V/ns
bank    uniform_res m=6   bank4  step@logic   49.929 mV  lift@end  +49.929 mV  selflift      +nan mV  slope inj   105.6 / rail   105.6 / logic   19.28 V/ns
tank    matched  m=2   bank3  step@logic   51.857 mV  lift@end  +42.686 mV  selflift  +251.086 mV  slope inj   316.0 / rail    96.1 / logic   20.12 V/ns
tank    matched  m=2   bank4  step@logic  247.874 mV  lift@end +247.887 mV  selflift      +nan mV  slope inj   285.4 / rail   106.6 / logic   22.03 V/ns
tank    uniform  m=2   bank3  step@logic   49.476 mV  lift@end  +48.783 mV  selflift   +70.513 mV  slope inj   118.0 / rail    50.0 / logic   10.72 V/ns
tank    uniform  m=2   bank4  step@logic  102.828 mV  lift@end +102.845 mV  selflift      +nan mV  slope inj    93.6 / rail    50.2 / logic   10.42 V/ns
tank    uniform  m=6   bank3  step@logic   31.083 mV  lift@end  +29.301 mV  selflift   +44.911 mV  slope inj    49.0 / rail    21.3 / logic    4.33 V/ns
tank    uniform  m=6   bank4  step@logic   57.611 mV  lift@end  +57.615 mV  selflift      +nan mV  slope inj    39.4 / rail    21.6 / logic    4.07 V/ns
tank    uniform_res m=6   bank3  step@logic   28.720 mV  lift@end  +26.939 mV  selflift   +41.784 mV  slope inj    47.0 / rail    19.8 / logic    4.01 V/ns
tank    uniform_res m=6   bank4  step@logic   50.403 mV  lift@end  +50.406 mV  selflift      +nan mV  slope inj    36.4 / rail    18.9 / logic    3.49 V/ns
wrote COUPLING_SKEPT.json
=== FIXTURE 12:47:09 ===
R   early Qdel/Qsup    1.0000  Qfwd/Qsup   1.1449  qd    46.280  qf    52.986  qr    -6.705  qs    46.280 fC  rail +455.074 mV  slope_inj   120.0  slope_logic 27.9
A   early Qdel/Qsup   -0.0124  Qfwd/Qsup   0.8621  qd    -0.983  qf    68.172  qr   -69.156  qs    79.074 fC  rail   -9.519 mV  slope_inj    97.0  slope_logic 21.9
B   early Qdel/Qsup   -0.0659  Qfwd/Qsup   0.8509  qd    -5.131  qf    66.294  qr   -71.425  qs    77.908 fC  rail   -8.811 mV  slope_inj    11.8  slope_logic 20.6
C   early Qdel/Qsup   -0.0657  Qfwd/Qsup   0.8511  qd    -5.117  qf    66.297  qr   -71.414  qs    77.897 fC  rail   -8.787 mV  slope_inj    14.0  slope_logic 2.8
D   early Qdel/Qsup   -0.0637  Qfwd/Qsup   0.8515  qd    -4.963  qf    66.351  qr   -71.315  qs    77.925 fC  rail   +0.000 mV  slope_inj    14.3  slope_logic -
A   bbm   Qdel/Qsup   -0.4777  Qfwd/Qsup   2.1335  qd   -15.430  qf    68.916  qr   -84.347  qs    32.302 fC  rail -148.425 mV  slope_inj   116.9  slope_logic 26.4
B   bbm   Qdel/Qsup   -1.1895  Qfwd/Qsup   2.1263  qd   -35.213  qf    62.943  qr   -98.157  qs    29.603 fC  rail  -60.446 mV  slope_inj    18.0  slope_logic 19.6
C   bbm   Qdel/Qsup   -1.1920  Qfwd/Qsup   2.1297  qd   -35.238  qf    62.961  qr   -98.199  qs    29.563 fC  rail  -60.487 mV  slope_inj    17.1  slope_logic 4.1
D   bbm   Qdel/Qsup   -1.1708  Qfwd/Qsup   2.1308  qd   -34.680  qf    63.116  qr   -97.796  qs    29.620 fC  rail   +0.000 mV  slope_inj    18.7  slope_logic -
wrote FIXTURE_SKEPT.json
=== STAGE2 DONE 12:51:59 ===
