=== WARM COMPLETE 12:11:14 ===
=== ANCHORS ===
a_p.cir        27.2s rc=0
a_h.cir        30.3s rc=0
a_free.cir     67.7s rc=0
a_clamp.cir    69.8s rc=0
  t_hop_ps                 65.4950098236746
  VBEND                    0.7138163
  VBPK                     0.8368896
  IZ_uA                    -0.0004958676
  n_cell_measures          0
  rel_t_hop                3.45577905338355e-12
  rel_VBEND                0.0
  rel_VBPK                 0.0
  skiptu_free_max_LOW_V    0.438143
  skiptu_clamp_max_LOW_V   0.551708
  skiptu_n_pulldown        4
  skiptu_damage_mV         113.56499999999997
  skiptu_damage_err_mV     2.842170943040401e-14
  skiptu_rail3_free_V      0.765884
  skiptu_rail3_clamp_V     1.069085
  PASS                     True
=== CBANK ===
M=1   V0=0.7138 C_bank    2.4858 fF (2.4858 fF/cell)  ran cb_M1_V714_p0.cir in 20.8s
M=2   V0=0.7138 C_bank    8.2309 fF (4.1154 fF/cell)  ran cb_M2_V714_p0.cir in 15.7s
M=3   V0=0.7138 C_bank   10.7167 fF (3.5722 fF/cell)  ran cb_M3_V714_p0.cir in 17.6s
M=19  V0=0.7138 C_bank   76.5640 fF (4.0297 fF/cell)  ran cb_M19_V714_p0.cir in 40.9s
M=48  V0=0.7138 C_bank  197.5500 fF (4.1156 fF/cell)  ran cb_M48_V714_p0.cir in 77.0s
M=1   V0=0.4500 C_bank    2.9621 fF (2.9621 fF/cell)  ran cb_M1_V450_p0.cir in 22.4s
M=2   V0=0.4500 C_bank    6.6852 fF (3.3426 fF/cell)  ran cb_M2_V450_p0.cir in 16.6s
M=3   V0=0.4500 C_bank    9.6473 fF (3.2158 fF/cell)  ran cb_M3_V450_p0.cir in 22.8s
M=19  V0=0.4500 C_bank   63.1290 fF (3.3226 fF/cell)  ran cb_M19_V450_p0.cir in 44.0s
M=48  V0=0.4500 C_bank  160.4460 fF (3.3426 fF/cell)  ran cb_M48_V450_p0.cir in 69.4s
wrote CBANK_SKEPT.json
=== STAGE1 DONE 12:14:14 ===
