=== W=1u  CCP=0.6f  -> sw_w1u.cir ===
     RESIDUAL, clock counted as a separate input = +3.126667e-13 J = +14.117% of E_in
     RESIDUAL, rail only as input                = -2.345515e-15 J = -0.123% of E_rail
         actually bounds the number (a 2 fF parasitic node drifting 20%%
  => OUR ONE QAL LANE, rail cost per op       =   122.321 fJ  <== the number
  BREAKDOWN of the lane (fJ/op, %% of lane):
    switch gate drive                    122.359   99.88%
    switch devices (all terminals)         0.080    0.07%
    gate settle (real logic gates)         0.007    0.01%
    inductive transfer (inter-bank)        0.002    0.00%
    inductive top-up (flycap->bank)        0.001    0.00%
    FLYCAP RECHARGE from tier rail         0.047    0.04%
  bank A max       (rel tier gnd) = +0.6009 V
  bank A min       (rel tier gnd) = +0.5656 V
  SWAB gate max    (rel tier gnd) = +1.6009 V
  SWAB gate min    (rel tier gnd) = +0.4823 V
  tier voltages min/max over window: 0.6023-0.6033 0.6023-0.6033 0.5921-0.5933 0.5990-0.5998 0.6018-0.6026
GATES: G1=PASS G2=PASS G3=PASS G4=PASS G6=PASS
=== W=2u  CCP=1.2f  -> sw_w2u.cir ===
     RESIDUAL, clock counted as a separate input = +3.082246e-13 J = +13.310% of E_in
     RESIDUAL, rail only as input                = -7.647482e-15 J = -0.382% of E_rail
         actually bounds the number (a 2 fF parasitic node drifting 20%%
  => OUR ONE QAL LANE, rail cost per op       =   130.652 fJ  <== the number
  BREAKDOWN of the lane (fJ/op, %% of lane):
    switch gate drive                    130.706   99.55%
    switch devices (all terminals)         0.425    0.32%
    gate settle (real logic gates)         0.020    0.02%
    inductive transfer (inter-bank)        0.008    0.01%
    inductive top-up (flycap->bank)        0.002    0.00%
    FLYCAP RECHARGE from tier rail         0.124    0.09%
  bank A max       (rel tier gnd) = +0.6359 V
  bank A min       (rel tier gnd) = +0.5563 V
  SWAB gate max    (rel tier gnd) = +1.6712 V
  SWAB gate min    (rel tier gnd) = +0.5732 V
  tier voltages min/max over window: 0.6015-0.6034 0.6015-0.6034 0.5943-0.5960 0.5980-0.5992 0.6006-0.6019
GATES: G1=PASS G2=PASS G3=PASS G4=PASS G6=PASS
=== W=4u  CCP=2.4f  -> sw_w4u.cir ===
     RESIDUAL, clock counted as a separate input = +3.028489e-13 J = +12.088% of E_in
     RESIDUAL, rail only as input                = -1.429697e-14 J = -0.653% of E_rail
         actually bounds the number (a 2 fF parasitic node drifting 20%%
  => OUR ONE QAL LANE, rail cost per op       =   146.348 fJ  <== the number
  BREAKDOWN of the lane (fJ/op, %% of lane):
    switch gate drive                    146.432   99.23%
    switch devices (all terminals)         0.677    0.46%
    gate settle (real logic gates)         0.119    0.08%
    inductive transfer (inter-bank)        0.030    0.02%
    inductive top-up (flycap->bank)        0.004    0.00%
    FLYCAP RECHARGE from tier rail         0.289    0.20%
  bank A max       (rel tier gnd) = +0.6550 V
  bank A min       (rel tier gnd) = +0.4999 V
  SWAB gate max    (rel tier gnd) = +1.7626 V
  SWAB gate min    (rel tier gnd) = +0.5596 V
  tier voltages min/max over window: 0.6007-0.6041 0.6007-0.6041 0.5961-0.5989 0.5961-0.5988 0.5988-0.6014
GATES: G1=PASS G2=PASS G3=PASS G4=PASS G6=PASS
=== W=10u  CCP=6f  -> sw_w10u.cir ===
     RESIDUAL, clock counted as a separate input = +2.820755e-13 J = +9.160% of E_in
     RESIDUAL, rail only as input                = -3.647557e-14 J = -1.321% of E_rail
         actually bounds the number (a 2 fF parasitic node drifting 20%%
  => OUR ONE QAL LANE, rail cost per op       =   194.011 fJ  <== the number
  BREAKDOWN of the lane (fJ/op, %% of lane):
    switch gate drive                    194.185   98.51%
    switch devices (all terminals)         1.573    0.80%
    gate settle (real logic gates)         0.343    0.17%
    inductive transfer (inter-bank)        0.092    0.05%
    inductive top-up (flycap->bank)        0.011    0.01%
    FLYCAP RECHARGE from tier rail         0.897    0.46%
  bank A max       (rel tier gnd) = +0.7724 V
  bank A min       (rel tier gnd) = +0.4080 V
  SWAB gate max    (rel tier gnd) = +1.7747 V
  SWAB gate min    (rel tier gnd) = +0.6302 V
  tier voltages min/max over window: 0.5984-0.6070 0.5984-0.6070 0.5983-0.6064 0.5916-0.5979 0.5943-0.6005
GATES: G1=PASS G2=PASS G3=PASS G4=PASS G6=PASS
=== W=20u  CCP=12f  -> sw_w20u.cir ===
     RESIDUAL, clock counted as a separate input = +2.368206e-13 J = +5.919% of E_in
     RESIDUAL, rail only as input                = -8.141028e-14 J = -2.211% of E_rail
         actually bounds the number (a 2 fF parasitic node drifting 20%%
  => OUR ONE QAL LANE, rail cost per op       =   270.765 fJ  <== the number
  BREAKDOWN of the lane (fJ/op, %% of lane):
    switch gate drive                    271.032   97.63%
    switch devices (all terminals)         4.367    1.57%
    gate settle (real logic gates)         0.579    0.21%
    inductive transfer (inter-bank)        0.126    0.05%
    inductive top-up (flycap->bank)        0.017    0.01%
    FLYCAP RECHARGE from tier rail         1.472    0.53%
  bank A max       (rel tier gnd) = +0.8022 V
  bank A min       (rel tier gnd) = +0.4325 V
  SWAB gate max    (rel tier gnd) = +1.7910 V
  SWAB gate min    (rel tier gnd) = +0.7174 V
  tier voltages min/max over window: 0.5971-0.6136 0.5971-0.6136 0.5956-0.6086 0.5867-0.5978 0.5894-0.6004
GATES: G1=PASS G2=PASS G3=PASS G4=FAIL G6=PASS
